<html>
<body>
<pre>
<h1>µVision Build Log</h1>
<h2>Tool Versions:</h2>
IDE-Version: ¦ÌVision V5.43.1.0
Copyright (C) 2025 ARM Ltd and ARM Germany GmbH. All rights reserved.
License Information: L RR, No, LIC=ZB4EI-T7TA8-9UH4U-SNLT1-CYLSH-A7V8L
 
Tool Versions:
Toolchain:       MDK-ARM Plus  Version: 5.43.0.0
Toolchain Path:  D:\qrs_software\Keil_v5\ARM\ARMCC\Bin
C Compiler:      Armcc.exe V5.06 update 7 (build 960)
Assembler:       Armasm.exe V5.06 update 7 (build 960)
Linker/Locator:  ArmLink.exe V5.06 update 7 (build 960)
Library Manager: ArmAr.exe V5.06 update 7 (build 960)
Hex Converter:   FromElf.exe V5.06 update 7 (build 960)
CPU DLL:         SARMCM3.DLL V5.43.0.0
Dialog DLL:      DCM.DLL V1.17.5.0
Target DLL:      STLink\ST-LINKIII-KEIL_SWO.dll V3.3.1.0
Dialog DLL:      TCM.DLL V1.56.6.0
 
<h2>Project:</h2>
e:\workspace\EmbeddedProject\stm_32_project\net_session\MDK-ARM\net_session.uvprojx
Project File Date:  12/03/2025

<h2>Output:</h2>
*** Using Compiler 'V5.06 update 7 (build 960)', folder: 'D:\qrs_software\Keil_v5\ARM\ARMCC\Bin'
Build target 'net_session'
assembling startup_stm32f103xb.s...
compiling gpio.c...
compiling main.c...
compiling stm32f1xx_hal_rcc_ex.c...
compiling stm32f1xx_hal_gpio_ex.c...
compiling stm32f1xx_hal.c...
compiling stm32f1xx_hal_msp.c...
compiling stm32f1xx_it.c...
compiling stm32f1xx_hal_rcc.c...
compiling stm32f1xx_hal_gpio.c...
compiling stm32f1xx_hal_cortex.c...
compiling stm32f1xx_hal_spi.c...
compiling stm32f1xx_hal_pwr.c...
compiling spi.c...
compiling usart.c...
compiling stm32f1xx_hal_dma.c...
compiling heap_4.c...
compiling croutine.c...
compiling list.c...
compiling event_groups.c...
compiling port.c...
compiling timers.c...
compiling stream_buffer.c...
compiling queue.c...
compiling w5500.c...
compiling tasks.c...
compiling socket.c...
compiling wizchip_conf.c...
compiling mqtt_interface.c...
compiling MQTTConnectClient.c...
compiling MQTTClient.c...
compiling MQTTConnectServer.c...
compiling MQTTDeserializePublish.c...
compiling stm32f1xx_hal_flash.c...
compiling MQTTFormat.c...
..\Source\Driver\MQTT\MQTTPacket\src\MQTTFormat.c(197): warning:  #550-D: variable "rc"  was set but never used
  		int rc;
..\Source\Driver\MQTT\MQTTPacket\src\MQTTFormat.c: 1 warning, 0 errors
compiling MQTTSerializePublish.c...
compiling MQTTSubscribeClient.c...
compiling MQTTPacket.c...
compiling MQTTSubscribeServer.c...
compiling stm32f1xx_hal_flash_ex.c...
compiling MQTTUnsubscribeServer.c...
compiling MQTTUnsubscribeClient.c...
compiling stm32f1xx_hal_exti.c...
compiling system_stm32f1xx.c...
compiling stm32f1xx_hal_uart.c...
compiling mbcrc.c...
compiling App_ConsoleToGateWay.c...
compiling cJSON.c...
compiling App_Main.c...
compiling App_GateWayToConsole.c...
..\Source\App\App_GateWayToConsole.c(79): warning:  #181-D: argument is incompatible with corresponding format string conversion
      printf("%f %d\r\n",current_angle,motor_status);
..\Source\App\App_GateWayToConsole.c: 1 warning, 0 errors
compiling Int_W5500.c...
compiling Int_Modbus.c...
compiling Int_MQTT.c...
linking...
Program Size: Code=30572 RO-data=1064 RW-data=276 ZI-data=15644  
FromELF: creating hex file...
"net_session\net_session.axf" - 0 Error(s), 2 Warning(s).

<h2>Software Packages used:</h2>

Package Vendor: ARM
                https://www.keil.com/pack/ARM.CMSIS.6.2.0.pack
                ARM::CMSIS@6.2.0
                CMSIS (Common Microcontroller Software Interface Standard)
   * Component: CORE Version: 6.1.1

Package Vendor: Keil
                https://www.keil.com/pack/Keil.STM32F1xx_DFP.2.4.1.pack
                Keil::STM32F1xx_DFP@2.4.1
                STMicroelectronics STM32F1 Series Device Support, Drivers and Examples

<h2>Collection of Component include folders:</h2>
  ./RTE/_net_session
  D:/qrs_software/Keil_v5/ARM/Packs/ARM/CMSIS/6.2.0/CMSIS/Core/Include
  D:/qrs_software/Keil_v5/ARM/Packs/Keil/STM32F1xx_DFP/2.4.1/Device/Include

<h2>Collection of Component Files used:</h2>

   * Component: ARM::CMSIS:CORE@6.1.1
      Include file:  CMSIS/Core/Include/tz_context.h
Build Time Elapsed:  00:00:05
</pre>
</body>
</html>
